// Vitest Snapshot v1

exports[`Navbar > should match snapshot when login > login 1`] = `
<div>
  <div
    class="align-center fixed z-20 flex w-full flex-row justify-center bg-base-100"
  >
    <div
      class="flex w-full max-w-[2500px]"
    >
      <div
        class="flex-1"
      >
        <ul
          class="menu menu-horizontal gap-4 p-2"
        >
          <h1
            class="text-4xl font-bold text-base-content"
          >
            Solve
            <span
              class="text-yellow-500"
            >
              M
            </span>
            c
          </h1>
          <li>
            <a
              href="/"
            >
              Home
            </a>
          </li>
          <li>
            <a
              href="/all"
            >
              All Orders
            </a>
          </li>
          <li
            class=""
          >
            <a
              href="/restaurant/restaurants"
            >
              Restaurants
            </a>
          </li>
          <li
            class=""
          >
            <a
              href="/random"
            >
              Randomize
            </a>
          </li>
        </ul>
      </div>
      <div
        class="flex-0"
      >
        <ul
          class="align-center menu menu-horizontal gap-2 p-2"
        >
          <button
            class="btn btn-ghost btn-circle"
          >
            <img
              alt="text"
              class="rounded-full"
              data-nimg="1"
              data-testid="profile-image"
              decoding="async"
              height="40"
              loading="lazy"
              src="/_next/image?url=https%3A%2F%2Ftestimages.org%2Fimg%2Ftestimages_screenshot.jpg&w=96&q=75"
              srcset="/_next/image?url=https%3A%2F%2Ftestimages.org%2Fimg%2Ftestimages_screenshot.jpg&w=48&q=75 1x, /_next/image?url=https%3A%2F%2Ftestimages.org%2Fimg%2Ftestimages_screenshot.jpg&w=96&q=75 2x"
              style="color: transparent; max-width: 100%; height: auto;"
              width="40"
            />
          </button>
          <li>
            <button
              class="btn btn-primary text-white"
              data-testid="button"
              type="button"
            >
              Sign out
            </button>
          </li>
        </ul>
      </div>
    </div>
  </div>
</div>
`;

exports[`Navbar > should match snapshot when logout > logout 1`] = `
<div>
  <div
    class="align-center fixed z-20 flex w-full flex-row justify-center bg-base-100"
  >
    <div
      class="flex w-full max-w-[2500px]"
    >
      <div
        class="flex-1"
      >
        <ul
          class="menu menu-horizontal gap-4 p-2"
        >
          <h1
            class="text-4xl font-bold text-base-content"
          >
            Solve
            <span
              class="text-yellow-500"
            >
              M
            </span>
            c
          </h1>
          <li>
            <a
              href="/"
            >
              Home
            </a>
          </li>
          <li>
            <a
              href="/all"
            >
              All Orders
            </a>
          </li>
          <li
            class=""
          >
            <a
              href="/restaurant/restaurants"
            >
              Restaurants
            </a>
          </li>
          <li
            class=""
          >
            <a
              href="/random"
            >
              Randomize
            </a>
          </li>
        </ul>
      </div>
      <div
        class="flex-0"
      >
        <ul
          class="align-center menu menu-horizontal gap-2 p-2"
        >
          <button
            class="btn btn-ghost btn-circle"
          >
            <img
              alt="text"
              class="rounded-full"
              data-nimg="1"
              data-testid="profile-image"
              decoding="async"
              height="40"
              loading="lazy"
              src="/_next/image?url=https%3A%2F%2Ftestimages.org%2Fimg%2Ftestimages_screenshot.jpg&w=96&q=75"
              srcset="/_next/image?url=https%3A%2F%2Ftestimages.org%2Fimg%2Ftestimages_screenshot.jpg&w=48&q=75 1x, /_next/image?url=https%3A%2F%2Ftestimages.org%2Fimg%2Ftestimages_screenshot.jpg&w=96&q=75 2x"
              style="color: transparent; max-width: 100%; height: auto;"
              width="40"
            />
          </button>
          <li>
            <button
              class="btn btn-primary text-white"
              data-testid="button"
              type="button"
            >
              Sign out
            </button>
          </li>
        </ul>
      </div>
    </div>
  </div>
</div>
`;
